// Jest Snapshot v1, https://goo.gl/fbAQLP

exports[`PrivateRouter should render a component correctly 1`] = `
<route
  render={[Function]}
/>
`;
